{"level":"info","message":"User signing in: gowthamr@systechusa.com, Provider: azure-ad","service":"sysrank-service","timestamp":"2026-01-06 18:59:43"}
{"level":"info","message":"User get-or-create success: gowthamr@systechusa.com","service":"sysrank-service","timestamp":"2026-01-06 18:59:46"}
{"level":"info","message":"Admin dashboard stats requested","service":"sysrank-service","timestamp":"2026-01-06 18:59:47"}
{"level":"info","message":"Admin dashboard stats requested","service":"sysrank-service","timestamp":"2026-01-06 19:02:54"}
{"level":"info","message":"Admin accessed user list","service":"sysrank-service","timestamp":"2026-01-06 19:02:58"}
{"level":"info","message":"Admin accessed user list","service":"sysrank-service","timestamp":"2026-01-06 19:02:59"}
{"level":"info","message":"Admin dashboard stats requested","service":"sysrank-service","timestamp":"2026-01-06 19:03:20"}
{"level":"info","message":"Admin dashboard stats requested","service":"sysrank-service","timestamp":"2026-01-06 19:10:42"}
{"level":"info","message":"Admin dashboard stats requested","service":"sysrank-service","timestamp":"2026-01-06 19:44:46"}
{"level":"info","message":"Admin accessed user list","service":"sysrank-service","timestamp":"2026-01-06 19:45:01"}
{"level":"info","message":"Admin accessed user list","service":"sysrank-service","timestamp":"2026-01-06 19:45:03"}
{"level":"info","message":"User signed out: gowthamr@systechusa.com","service":"sysrank-service","timestamp":"2026-01-07 11:03:04"}
{"level":"info","message":"User signing in: gowthamr@systechusa.com, Provider: azure-ad","service":"sysrank-service","timestamp":"2026-01-07 11:06:54"}
{"level":"info","message":"User get-or-create success: gowthamr@systechusa.com","service":"sysrank-service","timestamp":"2026-01-07 11:06:57"}
{"level":"info","message":"Admin dashboard stats requested","service":"sysrank-service","timestamp":"2026-01-07 11:06:58"}
{"level":"info","message":"User get-or-create success: gowthamr@systechusa.com","service":"sysrank-service","timestamp":"2026-01-07 11:06:58"}
{"level":"info","message":"User signed out: gowthamr@systechusa.com","service":"sysrank-service","timestamp":"2026-01-07 11:07:03"}
{"level":"info","message":"User get-or-create success: gowthamr@systechusa.com","service":"sysrank-service","timestamp":"2026-01-07 11:58:45"}
{"level":"info","message":"Admin dashboard stats requested","service":"sysrank-service","timestamp":"2026-01-07 12:00:55"}
{"level":"info","message":"Fetching allowed exams for: gowthamr@systechusa.com","service":"sysrank-service","timestamp":"2026-01-07 12:02:36"}
{"level":"info","message":"Fetching stats for user: gowthamr@systechusa.com","service":"sysrank-service","timestamp":"2026-01-07 12:02:37"}
{"level":"info","message":"User get-or-create success: gowthamr@systechusa.com","service":"sysrank-service","timestamp":"2026-01-07 12:06:27"}
{"level":"info","message":"Admin dashboard stats requested","service":"sysrank-service","timestamp":"2026-01-07 12:06:28"}
{"level":"info","message":"Fetching stats for user: gowthamr@systechusa.com","service":"sysrank-service","timestamp":"2026-01-07 12:06:28"}
{"level":"info","message":"Fetching allowed exams for: gowthamr@systechusa.com","service":"sysrank-service","timestamp":"2026-01-07 12:06:28"}
{"level":"info","message":"User get-or-create success: gowthamr@systechusa.com","service":"sysrank-service","timestamp":"2026-01-07 12:09:07"}
{"level":"info","message":"Admin dashboard stats requested","service":"sysrank-service","timestamp":"2026-01-07 12:09:07"}
{"level":"info","message":"Fetching stats for user: gowthamr@systechusa.com","service":"sysrank-service","timestamp":"2026-01-07 12:09:08"}
{"level":"info","message":"Fetching allowed exams for: gowthamr@systechusa.com","service":"sysrank-service","timestamp":"2026-01-07 12:09:08"}
{"level":"info","message":"Admin dashboard stats requested","service":"sysrank-service","timestamp":"2026-01-07 12:11:29"}
{"level":"info","message":"Fetching stats for user: gowthamr@systechusa.com","service":"sysrank-service","timestamp":"2026-01-07 12:11:29"}
{"level":"info","message":"Fetching allowed exams for: gowthamr@systechusa.com","service":"sysrank-service","timestamp":"2026-01-07 12:11:29"}
{"level":"info","message":"User get-or-create success: gowthamr@systechusa.com","service":"sysrank-service","timestamp":"2026-01-07 12:12:57"}
{"level":"info","message":"Fetching allowed exams for: gowthamr@systechusa.com","service":"sysrank-service","timestamp":"2026-01-07 12:13:12"}
{"level":"info","message":"Fetching stats for user: gowthamr@systechusa.com","service":"sysrank-service","timestamp":"2026-01-07 12:13:12"}
{"level":"info","message":"Admin dashboard stats requested","service":"sysrank-service","timestamp":"2026-01-07 12:13:20"}
{"level":"info","message":"User get-or-create success: gowthamr@systechusa.com","service":"sysrank-service","timestamp":"2026-01-07 12:13:22"}
{"level":"info","message":"Admin dashboard stats requested","service":"sysrank-service","timestamp":"2026-01-07 12:13:26"}
{"level":"info","message":"Admin dashboard stats requested","service":"sysrank-service","timestamp":"2026-01-07 12:14:01"}
{"level":"info","message":"Admin dashboard stats requested","service":"sysrank-service","timestamp":"2026-01-07 12:16:15"}
{"level":"info","message":"Admin dashboard stats requested","service":"sysrank-service","timestamp":"2026-01-07 12:16:22"}
{"level":"info","message":"Admin dashboard stats requested","service":"sysrank-service","timestamp":"2026-01-07 12:19:22"}
{"level":"info","message":"Admin dashboard stats requested","service":"sysrank-service","timestamp":"2026-01-07 12:19:34"}
{"level":"info","message":"Admin dashboard stats requested","service":"sysrank-service","timestamp":"2026-01-07 12:19:39"}
{"level":"info","message":"User get-or-create success: gowthamr@systechusa.com","service":"sysrank-service","timestamp":"2026-01-07 12:19:52"}
{"level":"info","message":"Admin dashboard stats requested","service":"sysrank-service","timestamp":"2026-01-07 12:19:53"}
{"level":"info","message":"User get-or-create success: gowthamr@systechusa.com","service":"sysrank-service","timestamp":"2026-01-07 12:19:53"}
{"level":"info","message":"User get-or-create success: gowthamr@systechusa.com","service":"sysrank-service","timestamp":"2026-01-07 12:19:54"}
{"level":"info","message":"User get-or-create success: gowthamr@systechusa.com","service":"sysrank-service","timestamp":"2026-01-07 12:20:35"}
{"level":"info","message":"Admin dashboard stats requested","service":"sysrank-service","timestamp":"2026-01-07 12:21:15"}
{"level":"info","message":"User get-or-create success: gowthamr@systechusa.com","service":"sysrank-service","timestamp":"2026-01-07 12:21:15"}
{"level":"info","message":"User get-or-create success: gowthamr@systechusa.com","service":"sysrank-service","timestamp":"2026-01-07 12:21:15"}
{"level":"info","message":"User get-or-create success: gowthamr@systechusa.com","service":"sysrank-service","timestamp":"2026-01-07 12:21:16"}
{"level":"info","message":"User get-or-create success: gowthamr@systechusa.com","service":"sysrank-service","timestamp":"2026-01-07 12:21:17"}
{"level":"info","message":"User get-or-create success: gowthamr@systechusa.com","service":"sysrank-service","timestamp":"2026-01-07 12:21:17"}
{"level":"info","message":"Admin dashboard stats requested","service":"sysrank-service","timestamp":"2026-01-07 12:21:23"}
{"level":"info","message":"Admin dashboard stats requested","service":"sysrank-service","timestamp":"2026-01-07 12:21:33"}
{"level":"info","message":"User get-or-create success: gowthamr@systechusa.com","service":"sysrank-service","timestamp":"2026-01-07 12:21:34"}
{"level":"info","message":"User get-or-create success: gowthamr@systechusa.com","service":"sysrank-service","timestamp":"2026-01-07 12:21:34"}
{"level":"info","message":"User get-or-create success: gowthamr@systechusa.com","service":"sysrank-service","timestamp":"2026-01-07 12:21:34"}
{"level":"info","message":"Admin accessed user list","service":"sysrank-service","timestamp":"2026-01-07 12:21:39"}
{"level":"info","message":"Admin accessed user list","service":"sysrank-service","timestamp":"2026-01-07 12:21:41"}
{"level":"info","message":"Updated user role: balar1@systechusa.com -> organizer","service":"sysrank-service","timestamp":"2026-01-07 12:22:04"}
{"level":"info","message":"User get-or-create success: gowthamr@systechusa.com","service":"sysrank-service","timestamp":"2026-01-07 12:22:21"}
{"level":"info","message":"User get-or-create success: gowthamr@systechusa.com","service":"sysrank-service","timestamp":"2026-01-07 12:22:21"}
{"level":"info","message":"User get-or-create success: gowthamr@systechusa.com","service":"sysrank-service","timestamp":"2026-01-07 12:22:21"}
{"level":"info","message":"Updated user role: balar1@systechusa.com -> attender","service":"sysrank-service","timestamp":"2026-01-07 12:22:30"}
{"level":"info","message":"User get-or-create success: gowthamr@systechusa.com","service":"sysrank-service","timestamp":"2026-01-07 12:23:15"}
{"level":"info","message":"User get-or-create success: gowthamr@systechusa.com","service":"sysrank-service","timestamp":"2026-01-07 12:23:15"}
{"level":"info","message":"User get-or-create success: gowthamr@systechusa.com","service":"sysrank-service","timestamp":"2026-01-07 12:23:16"}
{"level":"info","message":"Parsed tags: [ 'python', 'testing', [length]: 2 ]","service":"sysrank-service","timestamp":"2026-01-07 12:24:13"}
{"level":"info","message":"Parsed tags: [ 'testing', [length]: 1 ]","service":"sysrank-service","timestamp":"2026-01-07 12:25:45"}
{"level":"info","message":"Fetching external users list","service":"sysrank-service","timestamp":"2026-01-07 12:26:00"}
{"level":"info","message":"Fetching external users list","service":"sysrank-service","timestamp":"2026-01-07 12:26:00"}
{"level":"info","message":"Fetching external users list","service":"sysrank-service","timestamp":"2026-01-07 12:26:25"}
{"level":"info","message":"Fetching external users list","service":"sysrank-service","timestamp":"2026-01-07 12:26:25"}
{"level":"info","message":"User get-or-create success: gowthamr@systechusa.com","service":"sysrank-service","timestamp":"2026-01-07 12:26:27"}
{"level":"info","message":"User get-or-create success: gowthamr@systechusa.com","service":"sysrank-service","timestamp":"2026-01-07 12:26:27"}
{"level":"info","message":"User get-or-create success: gowthamr@systechusa.com","service":"sysrank-service","timestamp":"2026-01-07 12:26:27"}
{"level":"info","message":"Batch created: {\n  Id: 8,\n  Name: 'Application Development',\n  EmployeeCount: 2,\n  Employees: '[{\"Id\":402,\"EmployeeId\":\"E-IN1621\",\"Name\":\"Gowtham Prabhakaran Ravichandaran\",\"Email\":\"gowthamr@systechusa.com\",\"Department\":\"Practices - App Development\",\"Position\":\"Associate Software Engineer\"},{\"Id\":406,\"EmployeeId\":\"E-IN1544\",\"Name\":\"Kalaiselvan Jayavel\",\"Email\":\"kalaiselvanj@systechusa.com\",\"Department\":\"Practices - App Development\",\"Position\":\"Software Engineer\"}]',\n  CreatedAt: 2026-01-07T01:28:45.605Z,\n  UpdatedAt: null\n}","service":"sysrank-service","timestamp":"2026-01-07 12:28:47"}
{"level":"info","message":"Admin fetching all assessments","service":"sysrank-service","timestamp":"2026-01-07 12:30:46"}
{"level":"info","message":"Admin fetching all assessments","service":"sysrank-service","timestamp":"2026-01-07 12:30:48"}
{"level":"info","message":"User get-or-create success: gowthamr@systechusa.com","service":"sysrank-service","timestamp":"2026-01-07 12:31:25"}
{"level":"info","message":"User get-or-create success: gowthamr@systechusa.com","service":"sysrank-service","timestamp":"2026-01-07 12:31:25"}
{"level":"info","message":"User get-or-create success: gowthamr@systechusa.com","service":"sysrank-service","timestamp":"2026-01-07 12:31:26"}
{"level":"info","message":"User get-or-create success: gowthamr@systechusa.com","service":"sysrank-service","timestamp":"2026-01-07 12:31:26"}
{"level":"info","message":"User get-or-create success: gowthamr@systechusa.com","service":"sysrank-service","timestamp":"2026-01-07 12:31:26"}
{"level":"info","message":"Admin fetching all submissions","service":"sysrank-service","timestamp":"2026-01-07 12:34:59"}
{"level":"info","message":"Admin fetching all submissions","service":"sysrank-service","timestamp":"2026-01-07 12:34:59"}
{"level":"info","message":"User get-or-create success: gowthamr@systechusa.com","service":"sysrank-service","timestamp":"2026-01-07 12:36:22"}
{"level":"info","message":"User get-or-create success: gowthamr@systechusa.com","service":"sysrank-service","timestamp":"2026-01-07 12:36:22"}
{"level":"info","message":"Exam Titles: [\n  'python-bootcamp-assessment',\n  'tesst',\n  'testing',\n  'sql-bootcamp-assessment',\n  'test-exam',\n  'sql-test',\n  'sql-proctored',\n  'test',\n  'etc',\n  'test-demo',\n  'testing-1',\n  'etc-1',\n  'demo',\n  'python-exam-',\n  [length]: 14\n]","service":"sysrank-service","timestamp":"2026-01-07 12:36:22"}
{"level":"info","message":"Fetching submissions for exam IDs: [\n  43,\n  57,\n  58,\n  49,\n  50,\n  51,\n  52,\n  54,\n  55,\n  60,\n  59,\n  56,\n  53,\n  61,\n  [length]: 14\n]","service":"sysrank-service","timestamp":"2026-01-07 12:36:22"}
{"level":"info","message":"User get-or-create success: gowthamr@systechusa.com","service":"sysrank-service","timestamp":"2026-01-07 12:36:22"}
{"level":"info","message":"Submissions found: 25","service":"sysrank-service","timestamp":"2026-01-07 12:36:24"}
{"level":"info","message":"Exam Titles: [\n  'python-bootcamp-assessment',\n  'tesst',\n  'testing',\n  'sql-bootcamp-assessment',\n  'test-exam',\n  'sql-test',\n  'sql-proctored',\n  'test',\n  'etc',\n  'test-demo',\n  'testing-1',\n  'etc-1',\n  'demo',\n  'python-exam-',\n  [length]: 14\n]","service":"sysrank-service","timestamp":"2026-01-07 12:36:47"}
{"level":"info","message":"Fetching submissions for exam IDs: [\n  43,\n  57,\n  58,\n  49,\n  50,\n  51,\n  52,\n  54,\n  55,\n  60,\n  59,\n  56,\n  53,\n  61,\n  [length]: 14\n]","service":"sysrank-service","timestamp":"2026-01-07 12:36:47"}
{"level":"info","message":"Submissions found: 25","service":"sysrank-service","timestamp":"2026-01-07 12:36:48"}
{"level":"info","message":"User get-or-create success: gowthamr@systechusa.com","service":"sysrank-service","timestamp":"2026-01-07 12:37:17"}
{"level":"info","message":"User get-or-create success: gowthamr@systechusa.com","service":"sysrank-service","timestamp":"2026-01-07 12:37:17"}
{"level":"info","message":"User get-or-create success: gowthamr@systechusa.com","service":"sysrank-service","timestamp":"2026-01-07 12:37:17"}
{"level":"info","message":"User get-or-create success: gowthamr@systechusa.com","service":"sysrank-service","timestamp":"2026-01-07 12:38:01"}
{"level":"info","message":"User get-or-create success: gowthamr@systechusa.com","service":"sysrank-service","timestamp":"2026-01-07 12:38:01"}
{"level":"info","message":"User get-or-create success: gowthamr@systechusa.com","service":"sysrank-service","timestamp":"2026-01-07 12:38:02"}
{"level":"info","message":"Exam Titles: [\n  'python-bootcamp-assessment',\n  'tesst',\n  'testing',\n  'sql-bootcamp-assessment',\n  'test-exam',\n  'sql-test',\n  'sql-proctored',\n  'test',\n  'etc',\n  'test-demo',\n  'testing-1',\n  'etc-1',\n  'demo',\n  'python-exam-',\n  [length]: 14\n]","service":"sysrank-service","timestamp":"2026-01-07 12:38:33"}
{"level":"info","message":"Fetching submissions for exam IDs: [\n  43,\n  57,\n  58,\n  49,\n  50,\n  51,\n  52,\n  54,\n  55,\n  60,\n  59,\n  56,\n  53,\n  61,\n  [length]: 14\n]","service":"sysrank-service","timestamp":"2026-01-07 12:38:33"}
{"level":"info","message":"Submissions found: 25","service":"sysrank-service","timestamp":"2026-01-07 12:38:34"}
{"level":"info","message":"User get-or-create success: gowthamr@systechusa.com","service":"sysrank-service","timestamp":"2026-01-07 12:39:07"}
{"level":"info","message":"User get-or-create success: gowthamr@systechusa.com","service":"sysrank-service","timestamp":"2026-01-07 12:39:07"}
{"level":"info","message":"User get-or-create success: gowthamr@systechusa.com","service":"sysrank-service","timestamp":"2026-01-07 12:39:08"}
{"level":"info","message":"Exam Titles: [\n  'python-bootcamp-assessment',\n  'tesst',\n  'testing',\n  'sql-bootcamp-assessment',\n  'test-exam',\n  'sql-test',\n  'sql-proctored',\n  'test',\n  'etc',\n  'test-demo',\n  'testing-1',\n  'etc-1',\n  'demo',\n  'python-exam-',\n  [length]: 14\n]","service":"sysrank-service","timestamp":"2026-01-07 13:55:48"}
{"level":"info","message":"Fetching submissions for exam IDs: [\n  43,\n  57,\n  58,\n  49,\n  50,\n  51,\n  52,\n  54,\n  55,\n  60,\n  59,\n  56,\n  53,\n  61,\n  [length]: 14\n]","service":"sysrank-service","timestamp":"2026-01-07 13:55:48"}
{"level":"info","message":"User get-or-create success: gowthamr@systechusa.com","service":"sysrank-service","timestamp":"2026-01-07 13:55:49"}
{"level":"info","message":"User get-or-create success: gowthamr@systechusa.com","service":"sysrank-service","timestamp":"2026-01-07 13:55:49"}
{"level":"info","message":"User get-or-create success: gowthamr@systechusa.com","service":"sysrank-service","timestamp":"2026-01-07 13:55:49"}
{"level":"info","message":"Submissions found: 25","service":"sysrank-service","timestamp":"2026-01-07 13:55:50"}
{"level":"info","message":"Exam Titles: [\n  'python-bootcamp-assessment',\n  'tesst',\n  'testing',\n  'sql-bootcamp-assessment',\n  'test-exam',\n  'sql-test',\n  'sql-proctored',\n  'test',\n  'etc',\n  'test-demo',\n  'testing-1',\n  'etc-1',\n  'demo',\n  'python-exam-',\n  [length]: 14\n]","service":"sysrank-service","timestamp":"2026-01-07 14:01:19"}
{"level":"info","message":"Fetching submissions for exam IDs: [\n  43,\n  57,\n  58,\n  49,\n  50,\n  51,\n  52,\n  54,\n  55,\n  60,\n  59,\n  56,\n  53,\n  61,\n  [length]: 14\n]","service":"sysrank-service","timestamp":"2026-01-07 14:01:19"}
{"level":"info","message":"User get-or-create success: gowthamr@systechusa.com","service":"sysrank-service","timestamp":"2026-01-07 14:01:19"}
{"level":"info","message":"User get-or-create success: gowthamr@systechusa.com","service":"sysrank-service","timestamp":"2026-01-07 14:01:19"}
{"level":"info","message":"User get-or-create success: gowthamr@systechusa.com","service":"sysrank-service","timestamp":"2026-01-07 14:01:19"}
{"level":"info","message":"Submissions found: 25","service":"sysrank-service","timestamp":"2026-01-07 14:01:20"}
{"level":"info","message":"Fetching stats for user: gowthamr@systechusa.com","service":"sysrank-service","timestamp":"2026-01-07 14:12:29"}
{"level":"info","message":"Fetching allowed exams for: gowthamr@systechusa.com","service":"sysrank-service","timestamp":"2026-01-07 14:12:29"}
{"level":"info","message":"[2026-01-07T08:43:29.676Z] Executing PySpark code (341 bytes)","service":"sysrank-service","timestamp":"2026-01-07 14:13:29"}
{"level":"warn","message":"Fetch attempt 1 failed: fetch failed","service":"sysrank-service","timestamp":"2026-01-07 14:13:29"}
{"level":"warn","message":"Fetch attempt 2 failed: fetch failed","service":"sysrank-service","timestamp":"2026-01-07 14:13:30"}
{"level":"warn","message":"Fetch attempt 3 failed: fetch failed","service":"sysrank-service","timestamp":"2026-01-07 14:13:32"}
{"level":"info","message":"User get-or-create success: gowthamr@systechusa.com","service":"sysrank-service","timestamp":"2026-01-07 14:13:38"}
{"level":"info","message":"User get-or-create success: gowthamr@systechusa.com","service":"sysrank-service","timestamp":"2026-01-07 14:13:38"}
{"level":"info","message":"User get-or-create success: gowthamr@systechusa.com","service":"sysrank-service","timestamp":"2026-01-07 14:13:38"}
{"level":"info","message":"User get-or-create success: gowthamr@systechusa.com","service":"sysrank-service","timestamp":"2026-01-07 14:13:38"}
{"level":"info","message":"Fetching allowed exams for: gowthamr@systechusa.com","service":"sysrank-service","timestamp":"2026-01-07 14:13:42"}
{"level":"info","message":"Fetching stats for user: gowthamr@systechusa.com","service":"sysrank-service","timestamp":"2026-01-07 14:13:42"}
{"level":"info","message":"Generating 5 questions of type: coding for topic: SQL","service":"sysrank-service","timestamp":"2026-01-07 14:15:15"}
{"level":"info","message":"Language determined: sql","service":"sysrank-service","timestamp":"2026-01-07 14:15:15"}
{"level":"info","message":"=== Found 5 questions ===","service":"sysrank-service","timestamp":"2026-01-07 14:16:11"}
{"level":"info","message":"Question types in response: [ 'coding', 'coding', 'coding', 'coding', 'coding', [length]: 5 ]","service":"sysrank-service","timestamp":"2026-01-07 14:16:11"}
{"level":"info","message":"🔍 Validating query...","service":"sysrank-service","timestamp":"2026-01-07 14:16:34"}
{"level":"info","message":"✅ Validation passed, executing query...","service":"sysrank-service","timestamp":"2026-01-07 14:16:34"}
{"level":"info","message":"🟢 Executing PostgreSQL query...","service":"sysrank-service","timestamp":"2026-01-07 14:16:34"}
{"code":"ECONNREFUSED","level":"error","message":"","service":"sysrank-service","timestamp":"2026-01-07 14:16:34"}
{"level":"error","message":"❌ SQL execution failed:","service":"sysrank-service","timestamp":"2026-01-07 14:16:34"}
{"level":"info","message":"🔍 Validating query...","service":"sysrank-service","timestamp":"2026-01-07 14:16:34"}
{"level":"info","message":"✅ Validation passed, executing query...","service":"sysrank-service","timestamp":"2026-01-07 14:16:34"}
{"level":"info","message":"🟢 Executing PostgreSQL query...","service":"sysrank-service","timestamp":"2026-01-07 14:16:34"}
{"code":"ECONNREFUSED","level":"error","message":"","service":"sysrank-service","timestamp":"2026-01-07 14:16:34"}
{"level":"error","message":"❌ SQL execution failed:","service":"sysrank-service","timestamp":"2026-01-07 14:16:34"}
{"level":"info","message":"🔍 Validating query...","service":"sysrank-service","timestamp":"2026-01-07 14:23:56"}
{"level":"info","message":"✅ Validation passed, executing query...","service":"sysrank-service","timestamp":"2026-01-07 14:23:56"}
{"level":"info","message":"🟢 Executing PostgreSQL query...","service":"sysrank-service","timestamp":"2026-01-07 14:23:56"}
{"code":"ECONNREFUSED","level":"error","message":"","service":"sysrank-service","timestamp":"2026-01-07 14:23:56"}
{"level":"error","message":"❌ SQL execution failed:","service":"sysrank-service","timestamp":"2026-01-07 14:23:56"}
{"level":"info","message":"🔍 Validating query...","service":"sysrank-service","timestamp":"2026-01-07 14:23:56"}
{"level":"info","message":"✅ Validation passed, executing query...","service":"sysrank-service","timestamp":"2026-01-07 14:23:56"}
{"level":"info","message":"🟢 Executing PostgreSQL query...","service":"sysrank-service","timestamp":"2026-01-07 14:23:56"}
{"code":"ECONNREFUSED","level":"error","message":"","service":"sysrank-service","timestamp":"2026-01-07 14:23:56"}
{"level":"error","message":"❌ SQL execution failed:","service":"sysrank-service","timestamp":"2026-01-07 14:23:56"}
{"level":"info","message":"🔍 Validating query...","service":"sysrank-service","timestamp":"2026-01-07 14:24:06"}
{"level":"info","message":"✅ Validation passed, executing query...","service":"sysrank-service","timestamp":"2026-01-07 14:24:06"}
{"level":"info","message":"🟢 Executing PostgreSQL query...","service":"sysrank-service","timestamp":"2026-01-07 14:24:06"}
{"code":"ECONNREFUSED","level":"error","message":"","service":"sysrank-service","timestamp":"2026-01-07 14:24:06"}
{"level":"error","message":"❌ SQL execution failed:","service":"sysrank-service","timestamp":"2026-01-07 14:24:06"}
{"level":"info","message":"🔍 Validating query...","service":"sysrank-service","timestamp":"2026-01-07 14:24:06"}
{"level":"info","message":"✅ Validation passed, executing query...","service":"sysrank-service","timestamp":"2026-01-07 14:24:06"}
{"level":"info","message":"🟢 Executing PostgreSQL query...","service":"sysrank-service","timestamp":"2026-01-07 14:24:06"}
{"code":"ECONNREFUSED","level":"error","message":"","service":"sysrank-service","timestamp":"2026-01-07 14:24:06"}
{"level":"error","message":"❌ SQL execution failed:","service":"sysrank-service","timestamp":"2026-01-07 14:24:06"}
{"level":"info","message":"Fetching stats for user: gowthamr@systechusa.com","service":"sysrank-service","timestamp":"2026-01-07 14:24:43"}
{"level":"info","message":"Fetching allowed exams for: gowthamr@systechusa.com","service":"sysrank-service","timestamp":"2026-01-07 14:24:43"}
{"level":"info","message":"User get-or-create success: gowthamr@systechusa.com","service":"sysrank-service","timestamp":"2026-01-07 14:24:44"}
{"level":"info","message":"User get-or-create success: gowthamr@systechusa.com","service":"sysrank-service","timestamp":"2026-01-07 14:24:44"}
{"level":"info","message":"User get-or-create success: gowthamr@systechusa.com","service":"sysrank-service","timestamp":"2026-01-07 14:24:44"}
{"level":"info","message":"User get-or-create success: gowthamr@systechusa.com","service":"sysrank-service","timestamp":"2026-01-07 14:24:45"}
{"level":"info","message":"Fetching allowed exams for: gowthamr@systechusa.com","service":"sysrank-service","timestamp":"2026-01-07 14:39:34"}
{"level":"info","message":"Fetching stats for user: gowthamr@systechusa.com","service":"sysrank-service","timestamp":"2026-01-07 14:39:36"}
{"level":"info","message":"Fetching allowed exams for: gowthamr@systechusa.com","service":"sysrank-service","timestamp":"2026-01-07 14:47:51"}
{"level":"info","message":"Fetching stats for user: gowthamr@systechusa.com","service":"sysrank-service","timestamp":"2026-01-07 14:47:52"}
{"level":"info","message":"Generating 5 questions of type: coding for topic: SQL","service":"sysrank-service","timestamp":"2026-01-07 14:48:03"}
{"level":"info","message":"Language determined: sql","service":"sysrank-service","timestamp":"2026-01-07 14:48:03"}
{"level":"info","message":"=== Found 5 questions ===","service":"sysrank-service","timestamp":"2026-01-07 14:49:10"}
{"level":"info","message":"Question types in response: [ 'coding', 'coding', 'coding', 'coding', 'coding', [length]: 5 ]","service":"sysrank-service","timestamp":"2026-01-07 14:49:10"}
{"level":"info","message":"🔍 Validating query...","service":"sysrank-service","timestamp":"2026-01-07 14:49:18"}
{"level":"info","message":"✅ Validation passed, executing query...","service":"sysrank-service","timestamp":"2026-01-07 14:49:18"}
{"level":"info","message":"🟢 Executing PostgreSQL query...","service":"sysrank-service","timestamp":"2026-01-07 14:49:18"}
{"code":"ECONNREFUSED","level":"error","message":"","service":"sysrank-service","timestamp":"2026-01-07 14:49:18"}
{"level":"error","message":"❌ SQL execution failed:","service":"sysrank-service","timestamp":"2026-01-07 14:49:18"}
{"level":"info","message":"🔍 Validating query...","service":"sysrank-service","timestamp":"2026-01-07 14:49:18"}
{"level":"info","message":"✅ Validation passed, executing query...","service":"sysrank-service","timestamp":"2026-01-07 14:49:18"}
{"level":"info","message":"🟢 Executing PostgreSQL query...","service":"sysrank-service","timestamp":"2026-01-07 14:49:18"}
{"code":"ECONNREFUSED","level":"error","message":"","service":"sysrank-service","timestamp":"2026-01-07 14:49:18"}
{"level":"error","message":"❌ SQL execution failed:","service":"sysrank-service","timestamp":"2026-01-07 14:49:18"}
{"level":"info","message":"🔍 Validating query...","service":"sysrank-service","timestamp":"2026-01-07 14:51:11"}
{"level":"info","message":"✅ Validation passed, executing query...","service":"sysrank-service","timestamp":"2026-01-07 14:51:11"}
{"level":"info","message":"🟢 Executing PostgreSQL query...","service":"sysrank-service","timestamp":"2026-01-07 14:51:11"}
{"level":"info","message":"✅ PostgreSQL query completed in 3465ms, 2 rows","service":"sysrank-service","timestamp":"2026-01-07 14:51:15"}
{"level":"info","message":"🔍 Validating query...","service":"sysrank-service","timestamp":"2026-01-07 14:51:15"}
{"level":"info","message":"✅ Validation passed, executing query...","service":"sysrank-service","timestamp":"2026-01-07 14:51:15"}
{"level":"info","message":"🟢 Executing PostgreSQL query...","service":"sysrank-service","timestamp":"2026-01-07 14:51:15"}
{"level":"info","message":"✅ PostgreSQL query completed in 3362ms, 2 rows","service":"sysrank-service","timestamp":"2026-01-07 14:51:18"}
{"level":"info","message":"🔍 Validating query...","service":"sysrank-service","timestamp":"2026-01-07 14:51:29"}
{"level":"info","message":"✅ Validation passed, executing query...","service":"sysrank-service","timestamp":"2026-01-07 14:51:29"}
{"level":"info","message":"🟢 Executing PostgreSQL query...","service":"sysrank-service","timestamp":"2026-01-07 14:51:29"}
{"level":"info","message":"✅ PostgreSQL query completed in 3322ms, 2 rows","service":"sysrank-service","timestamp":"2026-01-07 14:51:32"}
{"level":"info","message":"🔍 Validating query...","service":"sysrank-service","timestamp":"2026-01-07 14:51:32"}
{"level":"info","message":"✅ Validation passed, executing query...","service":"sysrank-service","timestamp":"2026-01-07 14:51:32"}
{"level":"info","message":"🟢 Executing PostgreSQL query...","service":"sysrank-service","timestamp":"2026-01-07 14:51:32"}
{"level":"info","message":"✅ PostgreSQL query completed in 3360ms, 2 rows","service":"sysrank-service","timestamp":"2026-01-07 14:51:36"}
{"level":"info","message":"User get-or-create success: gowthamr@systechusa.com","service":"sysrank-service","timestamp":"2026-01-07 15:09:50"}
{"level":"info","message":"User get-or-create success: gowthamr@systechusa.com","service":"sysrank-service","timestamp":"2026-01-07 15:09:50"}
{"level":"info","message":"Fetching allowed exams for: gowthamr@systechusa.com","service":"sysrank-service","timestamp":"2026-01-07 15:09:50"}
{"level":"info","message":"User get-or-create success: gowthamr@systechusa.com","service":"sysrank-service","timestamp":"2026-01-07 15:09:50"}
{"level":"info","message":"User get-or-create success: gowthamr@systechusa.com","service":"sysrank-service","timestamp":"2026-01-07 15:09:51"}
{"level":"info","message":"Fetching stats for user: gowthamr@systechusa.com","service":"sysrank-service","timestamp":"2026-01-07 15:09:51"}
{"level":"info","message":"User get-or-create success: gowthamr@systechusa.com","service":"sysrank-service","timestamp":"2026-01-07 15:11:36"}
{"level":"info","message":"User get-or-create success: gowthamr@systechusa.com","service":"sysrank-service","timestamp":"2026-01-07 15:12:54"}
{"level":"info","message":"Admin dashboard stats requested","service":"sysrank-service","timestamp":"2026-01-07 15:12:55"}
{"level":"info","message":"User get-or-create success: gowthamr@systechusa.com","service":"sysrank-service","timestamp":"2026-01-07 15:12:56"}
{"level":"info","message":"User get-or-create success: gowthamr@systechusa.com","service":"sysrank-service","timestamp":"2026-01-07 15:12:56"}
{"level":"info","message":"User get-or-create success: gowthamr@systechusa.com","service":"sysrank-service","timestamp":"2026-01-07 15:12:56"}
{"level":"info","message":"User get-or-create success: gowthamr@systechusa.com","service":"sysrank-service","timestamp":"2026-01-07 15:12:56"}
{"level":"info","message":"Exam Titles: [\n  'python-bootcamp-assessment',\n  'tesst',\n  'testing',\n  'sql-bootcamp-assessment',\n  'test-exam',\n  'sql-test',\n  'sql-proctored',\n  'test',\n  'etc',\n  'test-demo',\n  'testing-1',\n  'etc-1',\n  'demo',\n  'python-exam-',\n  [length]: 14\n]","service":"sysrank-service","timestamp":"2026-01-07 15:12:59"}
{"level":"info","message":"Fetching submissions for exam IDs: [\n  43,\n  57,\n  58,\n  49,\n  50,\n  51,\n  52,\n  54,\n  55,\n  60,\n  59,\n  56,\n  53,\n  61,\n  [length]: 14\n]","service":"sysrank-service","timestamp":"2026-01-07 15:12:59"}
{"level":"info","message":"Submissions found: 25","service":"sysrank-service","timestamp":"2026-01-07 15:13:01"}
{"level":"info","message":"Fetching stats for user: gowthamr@systechusa.com","service":"sysrank-service","timestamp":"2026-01-07 15:13:03"}
{"level":"info","message":"Fetching allowed exams for: gowthamr@systechusa.com","service":"sysrank-service","timestamp":"2026-01-07 15:13:03"}
{"level":"info","message":"Fetching exam details for: python-exam-","service":"sysrank-service","timestamp":"2026-01-07 15:13:25"}
{"level":"info","message":"Progress saved: 154 for gowthamr@systechusa.com","service":"sysrank-service","timestamp":"2026-01-07 15:13:28"}
{"level":"info","message":"Progress saved: 154 for gowthamr@systechusa.com","service":"sysrank-service","timestamp":"2026-01-07 15:13:57"}
{"level":"info","message":"Python Execution Request from gowthamr@systechusa.com","service":"sysrank-service","timestamp":"2026-01-07 15:13:59"}
{"level":"info","message":"[2026-01-07T09:43:59.798Z] Executing Python code (13 bytes)","service":"sysrank-service","timestamp":"2026-01-07 15:13:59"}
{"level":"info","message":"[2026-01-07T09:43:59.882Z] Python execution successful","service":"sysrank-service","timestamp":"2026-01-07 15:13:59"}
{"level":"info","message":"Python execution completed in 90ms for gowthamr@systechusa.com","service":"sysrank-service","timestamp":"2026-01-07 15:13:59"}
{"level":"info","message":"Python Execution Request from gowthamr@systechusa.com","service":"sysrank-service","timestamp":"2026-01-07 15:14:03"}
{"level":"info","message":"[2026-01-07T09:44:03.720Z] Executing Python code (12 bytes)","service":"sysrank-service","timestamp":"2026-01-07 15:14:03"}
{"level":"info","message":"[2026-01-07T09:44:03.743Z] Python execution successful","service":"sysrank-service","timestamp":"2026-01-07 15:14:03"}
{"level":"info","message":"Python execution completed in 27ms for gowthamr@systechusa.com","service":"sysrank-service","timestamp":"2026-01-07 15:14:03"}
{"level":"info","message":"Python Execution Request from gowthamr@systechusa.com","service":"sysrank-service","timestamp":"2026-01-07 15:14:09"}
{"level":"info","message":"[2026-01-07T09:44:09.457Z] Executing Python code (13 bytes)","service":"sysrank-service","timestamp":"2026-01-07 15:14:09"}
{"level":"info","message":"[2026-01-07T09:44:09.471Z] Python execution successful","service":"sysrank-service","timestamp":"2026-01-07 15:14:09"}
{"level":"info","message":"Python execution completed in 17ms for gowthamr@systechusa.com","service":"sysrank-service","timestamp":"2026-01-07 15:14:09"}
{"level":"info","message":"Progress saved: 154 for gowthamr@systechusa.com","service":"sysrank-service","timestamp":"2026-01-07 15:14:14"}
{"level":"info","message":"Progress saved: 154 for gowthamr@systechusa.com","service":"sysrank-service","timestamp":"2026-01-07 15:14:17"}
{"level":"info","message":"Progress saved: 154 for gowthamr@systechusa.com","service":"sysrank-service","timestamp":"2026-01-07 15:14:21"}
{"level":"info","message":"Progress saved: 154 for gowthamr@systechusa.com","service":"sysrank-service","timestamp":"2026-01-07 15:14:26"}
{"level":"info","message":"Progress saved: 154 for gowthamr@systechusa.com","service":"sysrank-service","timestamp":"2026-01-07 15:14:27"}
{"level":"info","message":"Fetching allowed exams for: gowthamr@systechusa.com","service":"sysrank-service","timestamp":"2026-01-07 15:14:27"}
{"level":"info","message":"User get-or-create success: gowthamr@systechusa.com","service":"sysrank-service","timestamp":"2026-01-07 15:14:28"}
{"level":"info","message":"Submission saved: 297 for gowthamr@systechusa.com","service":"sysrank-service","timestamp":"2026-01-07 15:14:28"}
{"level":"info","message":"User get-or-create success: gowthamr@systechusa.com","service":"sysrank-service","timestamp":"2026-01-07 15:14:29"}
{"level":"info","message":"Fetching stats for user: gowthamr@systechusa.com","service":"sysrank-service","timestamp":"2026-01-07 15:14:29"}
{"level":"info","message":"User get-or-create success: gowthamr@systechusa.com","service":"sysrank-service","timestamp":"2026-01-07 15:14:29"}
{"level":"info","message":"User get-or-create success: gowthamr@systechusa.com","service":"sysrank-service","timestamp":"2026-01-07 15:14:29"}
{"level":"info","message":"Fetching stats for user: gowthamr@systechusa.com","service":"sysrank-service","timestamp":"2026-01-07 15:14:37"}
{"level":"info","message":"Fetching allowed exams for: gowthamr@systechusa.com","service":"sysrank-service","timestamp":"2026-01-07 15:14:37"}
{"level":"info","message":"User get-or-create success: gowthamr@systechusa.com","service":"sysrank-service","timestamp":"2026-01-07 15:14:37"}
{"level":"info","message":"User get-or-create success: gowthamr@systechusa.com","service":"sysrank-service","timestamp":"2026-01-07 15:14:37"}
{"level":"info","message":"User get-or-create success: gowthamr@systechusa.com","service":"sysrank-service","timestamp":"2026-01-07 15:14:37"}
{"level":"info","message":"Fetching stats for user: gowthamr@systechusa.com","service":"sysrank-service","timestamp":"2026-01-07 15:15:58"}
{"level":"info","message":"Fetching allowed exams for: gowthamr@systechusa.com","service":"sysrank-service","timestamp":"2026-01-07 15:15:58"}
{"level":"info","message":"User get-or-create success: gowthamr@systechusa.com","service":"sysrank-service","timestamp":"2026-01-07 15:15:58"}
{"level":"info","message":"User get-or-create success: gowthamr@systechusa.com","service":"sysrank-service","timestamp":"2026-01-07 15:15:59"}
{"level":"info","message":"User get-or-create success: gowthamr@systechusa.com","service":"sysrank-service","timestamp":"2026-01-07 15:16:00"}
{"level":"info","message":"Fetching allowed exams for: gowthamr@systechusa.com","service":"sysrank-service","timestamp":"2026-01-07 15:59:20"}
{"level":"info","message":"Fetching stats for user: gowthamr@systechusa.com","service":"sysrank-service","timestamp":"2026-01-07 15:59:22"}
{"level":"info","message":"User get-or-create success: gowthamr@systechusa.com","service":"sysrank-service","timestamp":"2026-01-08 10:45:46"}
{"level":"info","message":"Admin dashboard stats requested","service":"sysrank-service","timestamp":"2026-01-08 10:45:51"}
{"level":"info","message":"User get-or-create success: gowthamr@systechusa.com","service":"sysrank-service","timestamp":"2026-01-08 10:45:51"}
{"level":"info","message":"User get-or-create success: gowthamr@systechusa.com","service":"sysrank-service","timestamp":"2026-01-08 10:45:51"}
{"level":"info","message":"User get-or-create success: gowthamr@systechusa.com","service":"sysrank-service","timestamp":"2026-01-08 10:45:52"}
{"level":"info","message":"User get-or-create success: gowthamr@systechusa.com","service":"sysrank-service","timestamp":"2026-01-08 10:45:52"}
{"level":"info","message":"Fetching allowed exams for: gowthamr@systechusa.com","service":"sysrank-service","timestamp":"2026-01-08 10:46:05"}
{"level":"info","message":"Fetching stats for user: gowthamr@systechusa.com","service":"sysrank-service","timestamp":"2026-01-08 10:46:05"}
{"level":"info","message":"Admin dashboard stats requested","service":"sysrank-service","timestamp":"2026-01-08 10:46:22"}
{"level":"info","message":"User get-or-create success: gowthamr@systechusa.com","service":"sysrank-service","timestamp":"2026-01-08 10:46:42"}
{"level":"info","message":"Admin dashboard stats requested","service":"sysrank-service","timestamp":"2026-01-08 10:46:42"}
{"level":"info","message":"User get-or-create success: gowthamr@systechusa.com","service":"sysrank-service","timestamp":"2026-01-08 10:46:43"}
{"level":"info","message":"User get-or-create success: gowthamr@systechusa.com","service":"sysrank-service","timestamp":"2026-01-08 10:46:43"}
{"level":"info","message":"User get-or-create success: gowthamr@systechusa.com","service":"sysrank-service","timestamp":"2026-01-08 10:46:43"}
{"level":"info","message":"User get-or-create success: gowthamr@systechusa.com","service":"sysrank-service","timestamp":"2026-01-08 10:46:43"}
